Archive member included to satisfy reference by file (symbol)

C:/ST/STM32CubeIDE_1.14.1/STM32CubeIDE/plugins/com.st.stm32cube.ide.mcu.externaltools.gnu-tools-for-stm32.11.3.rel1.win32_1.1.100.202309141235/tools/bin/../lib/gcc/arm-none-eabi/11.3.1/../../../../arm-none-eabi/lib/thumb/v6-m/nofp\libc_nano.a(libc_a-exit.o)
                              C:/ST/STM32CubeIDE_1.14.1/STM32CubeIDE/plugins/com.st.stm32cube.ide.mcu.externaltools.gnu-tools-for-stm32.11.3.rel1.win32_1.1.100.202309141235/tools/bin/../lib/gcc/arm-none-eabi/11.3.1/../../../../arm-none-eabi/lib/thumb/v6-m/nofp/crt0.o (exit)
C:/ST/STM32CubeIDE_1.14.1/STM32CubeIDE/plugins/com.st.stm32cube.ide.mcu.externaltools.gnu-tools-for-stm32.11.3.rel1.win32_1.1.100.202309141235/tools/bin/../lib/gcc/arm-none-eabi/11.3.1/../../../../arm-none-eabi/lib/thumb/v6-m/nofp\libc_nano.a(libc_a-findfp.o)
                              C:/ST/STM32CubeIDE_1.14.1/STM32CubeIDE/plugins/com.st.stm32cube.ide.mcu.externaltools.gnu-tools-for-stm32.11.3.rel1.win32_1.1.100.202309141235/tools/bin/../lib/gcc/arm-none-eabi/11.3.1/../../../../arm-none-eabi/lib/thumb/v6-m/nofp\libc_nano.a(libc_a-exit.o) (__stdio_exit_handler)
C:/ST/STM32CubeIDE_1.14.1/STM32CubeIDE/plugins/com.st.stm32cube.ide.mcu.externaltools.gnu-tools-for-stm32.11.3.rel1.win32_1.1.100.202309141235/tools/bin/../lib/gcc/arm-none-eabi/11.3.1/../../../../arm-none-eabi/lib/thumb/v6-m/nofp\libc_nano.a(libc_a-fwalk.o)
                              C:/ST/STM32CubeIDE_1.14.1/STM32CubeIDE/plugins/com.st.stm32cube.ide.mcu.externaltools.gnu-tools-for-stm32.11.3.rel1.win32_1.1.100.202309141235/tools/bin/../lib/gcc/arm-none-eabi/11.3.1/../../../../arm-none-eabi/lib/thumb/v6-m/nofp\libc_nano.a(libc_a-findfp.o) (_fwalk_sglue)
C:/ST/STM32CubeIDE_1.14.1/STM32CubeIDE/plugins/com.st.stm32cube.ide.mcu.externaltools.gnu-tools-for-stm32.11.3.rel1.win32_1.1.100.202309141235/tools/bin/../lib/gcc/arm-none-eabi/11.3.1/../../../../arm-none-eabi/lib/thumb/v6-m/nofp\libc_nano.a(libc_a-stdio.o)
                              C:/ST/STM32CubeIDE_1.14.1/STM32CubeIDE/plugins/com.st.stm32cube.ide.mcu.externaltools.gnu-tools-for-stm32.11.3.rel1.win32_1.1.100.202309141235/tools/bin/../lib/gcc/arm-none-eabi/11.3.1/../../../../arm-none-eabi/lib/thumb/v6-m/nofp\libc_nano.a(libc_a-findfp.o) (__sread)
C:/ST/STM32CubeIDE_1.14.1/STM32CubeIDE/plugins/com.st.stm32cube.ide.mcu.externaltools.gnu-tools-for-stm32.11.3.rel1.win32_1.1.100.202309141235/tools/bin/../lib/gcc/arm-none-eabi/11.3.1/../../../../arm-none-eabi/lib/thumb/v6-m/nofp\libc_nano.a(libc_a-memset.o)
                              C:/ST/STM32CubeIDE_1.14.1/STM32CubeIDE/plugins/com.st.stm32cube.ide.mcu.externaltools.gnu-tools-for-stm32.11.3.rel1.win32_1.1.100.202309141235/tools/bin/../lib/gcc/arm-none-eabi/11.3.1/../../../../arm-none-eabi/lib/thumb/v6-m/nofp/crt0.o (memset)
C:/ST/STM32CubeIDE_1.14.1/STM32CubeIDE/plugins/com.st.stm32cube.ide.mcu.externaltools.gnu-tools-for-stm32.11.3.rel1.win32_1.1.100.202309141235/tools/bin/../lib/gcc/arm-none-eabi/11.3.1/../../../../arm-none-eabi/lib/thumb/v6-m/nofp\libc_nano.a(libc_a-closer.o)
                              C:/ST/STM32CubeIDE_1.14.1/STM32CubeIDE/plugins/com.st.stm32cube.ide.mcu.externaltools.gnu-tools-for-stm32.11.3.rel1.win32_1.1.100.202309141235/tools/bin/../lib/gcc/arm-none-eabi/11.3.1/../../../../arm-none-eabi/lib/thumb/v6-m/nofp\libc_nano.a(libc_a-stdio.o) (_close_r)
C:/ST/STM32CubeIDE_1.14.1/STM32CubeIDE/plugins/com.st.stm32cube.ide.mcu.externaltools.gnu-tools-for-stm32.11.3.rel1.win32_1.1.100.202309141235/tools/bin/../lib/gcc/arm-none-eabi/11.3.1/../../../../arm-none-eabi/lib/thumb/v6-m/nofp\libc_nano.a(libc_a-reent.o)
                              C:/ST/STM32CubeIDE_1.14.1/STM32CubeIDE/plugins/com.st.stm32cube.ide.mcu.externaltools.gnu-tools-for-stm32.11.3.rel1.win32_1.1.100.202309141235/tools/bin/../lib/gcc/arm-none-eabi/11.3.1/../../../../arm-none-eabi/lib/thumb/v6-m/nofp\libc_nano.a(libc_a-closer.o) (errno)
C:/ST/STM32CubeIDE_1.14.1/STM32CubeIDE/plugins/com.st.stm32cube.ide.mcu.externaltools.gnu-tools-for-stm32.11.3.rel1.win32_1.1.100.202309141235/tools/bin/../lib/gcc/arm-none-eabi/11.3.1/../../../../arm-none-eabi/lib/thumb/v6-m/nofp\libc_nano.a(libc_a-impure.o)
                              C:/ST/STM32CubeIDE_1.14.1/STM32CubeIDE/plugins/com.st.stm32cube.ide.mcu.externaltools.gnu-tools-for-stm32.11.3.rel1.win32_1.1.100.202309141235/tools/bin/../lib/gcc/arm-none-eabi/11.3.1/../../../../arm-none-eabi/lib/thumb/v6-m/nofp\libc_nano.a(libc_a-reent.o) (_impure_ptr)
C:/ST/STM32CubeIDE_1.14.1/STM32CubeIDE/plugins/com.st.stm32cube.ide.mcu.externaltools.gnu-tools-for-stm32.11.3.rel1.win32_1.1.100.202309141235/tools/bin/../lib/gcc/arm-none-eabi/11.3.1/../../../../arm-none-eabi/lib/thumb/v6-m/nofp\libc_nano.a(libc_a-lseekr.o)
[...]
Memory Configuration

Name             Origin             Length             Attributes
RAM              0x0000000020000000 0x0000000000024000 xrw
FLASH            0x0000000008000000 0x0000000000020000 xr
*default*        0x0000000000000000 0xffffffffffffffff

Linker script and memory map

LOAD C:/ST/STM32CubeIDE_1.14.1/STM32CubeIDE/plugins/com.st.stm32cube.ide.mcu.externaltools.gnu-tools-for-stm32.11.3.rel1.win32_1.1.100.202309141235/tools/bin/../lib/gcc/arm-none-eabi/11.3.1/thumb/v6-m/nofp/crti.o
LOAD C:/ST/STM32CubeIDE_1.14.1/STM32CubeIDE/plugins/com.st.stm32cube.ide.mcu.externaltools.gnu-tools-for-stm32.11.3.rel1.win32_1.1.100.202309141235/tools/bin/../lib/gcc/arm-none-eabi/11.3.1/thumb/v6-m/nofp/crtbegin.o
LOAD C:/ST/STM32CubeIDE_1.14.1/STM32CubeIDE/plugins/com.st.stm32cube.ide.mcu.externaltools.gnu-tools-for-stm32.11.3.rel1.win32_1.1.100.202309141235/tools/bin/../lib/gcc/arm-none-eabi/11.3.1/../../../../arm-none-eabi/lib/thumb/v6-m/nofp/crt0.o
LOAD ./Core/Src/iis2dh_reg.o
LOAD ./Core/Src/main.o
LOAD ./Core/Src/stm32g0xx_hal_msp.o
LOAD ./Core/Src/stm32g0xx_it.o
LOAD ./Core/Src/syscalls.o
LOAD ./Core/Src/sysmem.o
LOAD ./Core/Src/system_stm32g0xx.o
LOAD ./Core/Startup/startup_stm32g0b1cbtxn.o
LOAD ./Drivers/STM32G0xx_HAL_Driver/Src/stm32g0xx_hal.o
LOAD ./Drivers/STM32G0xx_HAL_Driver/Src/stm32g0xx_hal_cortex.o
LOAD ./Drivers/STM32G0xx_HAL_Driver/Src/stm32g0xx_hal_dma.o
LOAD ./Drivers/STM32G0xx_HAL_Driver/Src/stm32g0xx_hal_dma_ex.o
LOAD ./Drivers/STM32G0xx_HAL_Driver/Src/stm32g0xx_hal_exti.o
LOAD ./Drivers/STM32G0xx_HAL_Driver/Src/stm32g0xx_hal_flash.o
LOAD ./Drivers/STM32G0xx_HAL_Driver/Src/stm32g0xx_hal_flash_ex.o
LOAD ./Drivers/STM32G0xx_HAL_Driver/Src/stm32g0xx_hal_gpio.o
LOAD ./Drivers/STM32G0xx_HAL_Driver/Src/stm32g0xx_hal_pwr.o
LOAD ./Drivers/STM32G0xx_HAL_Driver/Src/stm32g0xx_hal_pwr_ex.o
LOAD ./Drivers/STM32G0xx_HAL_Driver/Src/stm32g0xx_hal_rcc.o
LOAD ./Drivers/STM32G0xx_HAL_Driver/Src/stm32g0xx_hal_rcc_ex.o
LOAD ./Drivers/STM32G0xx_HAL_Driver/Src/stm32g0xx_hal_spi.o
LOAD ./Drivers/STM32G0xx_HAL_Driver/Src/stm32g0xx_hal_spi_ex.o
LOAD ./Drivers/STM32G0xx_HAL_Driver/Src/stm32g0xx_hal_tim.o
LOAD ./Drivers/STM32G0xx_HAL_Driver/Src/stm32g0xx_hal_tim_ex.o
LOAD ./Drivers/STM32G0xx_HAL_Driver/Src/stm32g0xx_ll_dma.o
LOAD ./Drivers/STM32G0xx_HAL_Driver/Src/stm32g0xx_ll_rcc.o
START GROUP
LOAD C:/ST/STM32CubeIDE_1.14.1/STM32CubeIDE/plugins/com.st.stm32cube.ide.mcu.externaltools.gnu-tools-for-stm32.11.3.rel1.win32_1.1.100.202309141235/tools/bin/../lib/gcc/arm-none-eabi/11.3.1/../../../../arm-none-eabi/lib/thumb/v6-m/nofp\libc_nano.a
LOAD C:/ST/STM32CubeIDE_1.14.1/STM32CubeIDE/plugins/com.st.stm32cube.ide.mcu.externaltools.gnu-tools-for-stm32.11.3.rel1.win32_1.1.100.202309141235/tools/bin/../lib/gcc/arm-none-eabi/11.3.1/../../../../arm-none-eabi/lib/thumb/v6-m/nofp\libm.a
END GROUP
START GROUP
LOAD C:/ST/STM32CubeIDE_1.14.1/STM32CubeIDE/plugins/com.st.stm32cube.ide.mcu.externaltools.gnu-tools-for-stm32.11.3.rel1.win32_1.1.100.202309141235/tools/bin/../lib/gcc/arm-none-eabi/11.3.1/thumb/v6-m/nofp\libgcc.a
LOAD C:/ST/STM32CubeIDE_1.14.1/STM32CubeIDE/plugins/com.st.stm32cube.ide.mcu.externaltools.gnu-tools-for-stm32.11.3.rel1.win32_1.1.100.202309141235/tools/bin/../lib/gcc/arm-none-eabi/11.3.1/../../../../arm-none-eabi/lib/thumb/v6-m/nofp\libc_nano.a
END GROUP
START GROUP
LOAD C:/ST/STM32CubeIDE_1.14.1/STM32CubeIDE/plugins/com.st.stm32cube.ide.mcu.externaltools.gnu-tools-for-stm32.11.3.rel1.win32_1.1.100.202309141235/tools/bin/../lib/gcc/arm-none-eabi/11.3.1/thumb/v6-m/nofp\libgcc.a
LOAD C:/ST/STM32CubeIDE_1.14.1/STM32CubeIDE/plugins/com.st.stm32cube.ide.mcu.externaltools.gnu-tools-for-stm32.11.3.rel1.win32_1.1.100.202309141235/tools/bin/../lib/gcc/arm-none-eabi/11.3.1/../../../../arm-none-eabi/lib/thumb/v6-m/nofp\libc_nano.a
LOAD C:/ST/STM32CubeIDE_1.14.1/STM32CubeIDE/plugins/com.st.stm32cube.ide.mcu.externaltools.gnu-tools-for-stm32.11.3.rel1.win32_1.1.100.202309141235/tools/bin/../lib/gcc/arm-none-eabi/11.3.1/../../../../arm-none-eabi/lib/thumb/v6-m/nofp\libnosys.a
END GROUP
START GROUP
LOAD C:/ST/STM32CubeIDE_1.14.1/STM32CubeIDE/plugins/com.st.stm32cube.ide.mcu.externaltools.gnu-tools-for-stm32.11.3.rel1.win32_1.1.100.202309141235/tools/bin/../lib/gcc/arm-none-eabi/11.3.1/thumb/v6-m/nofp\libgcc.a
LOAD C:/ST/STM32CubeIDE_1.14.1/STM32CubeIDE/plugins/com.st.stm32cube.ide.mcu.externaltools.gnu-tools-for-stm32.11.3.rel1.win32_1.1.100.202309141235/tools/bin/../lib/gcc/arm-none-eabi/11.3.1/../../../../arm-none-eabi/lib/thumb/v6-m/nofp\libc_nano.a
LOAD C:/ST/STM32CubeIDE_1.14.1/STM32CubeIDE/plugins/com.st.stm32cube.ide.mcu.externaltools.gnu-tools-for-stm32.11.3.rel1.win32_1.1.100.202309141235/tools/bin/../lib/gcc/arm-none-eabi/11.3.1/../../../../arm-none-eabi/lib/thumb/v6-m/nofp\libnosys.a
END GROUP
LOAD C:/ST/STM32CubeIDE_1.14.1/STM32CubeIDE/plugins/com.st.stm32cube.ide.mcu.externaltools.gnu-tools-for-stm32.11.3.rel1.win32_1.1.100.202309141235/tools/bin/../lib/gcc/arm-none-eabi/11.3.1/thumb/v6-m/nofp/crtend.o
LOAD C:/ST/STM32CubeIDE_1.14.1/STM32CubeIDE/plugins/com.st.stm32cube.ide.mcu.externaltools.gnu-tools-for-stm32.11.3.rel1.win32_1.1.100.202309141235/tools/bin/../lib/gcc/arm-none-eabi/11.3.1/thumb/v6-m/nofp/crtn.o
                0x0000000020024000                _estack = (ORIGIN (RAM) + LENGTH (RAM))
                0x0000000000000200                _Min_Heap_Size = 0x200
                0x0000000000000400                _Min_Stack_Size = 0x400

.isr_vector     0x0000000008000000       0xbc
                0x0000000008000000                . = ALIGN (0x4)
 *(.isr_vector)
 .isr_vector    0x0000000008000000       0xbc ./Core/Startup/startup_stm32g0b1cbtxn.o
                0x0000000008000000                g_pfnVectors
                0x00000000080000bc                . = ALIGN (0x4)

.text           0x00000000080000bc     0x27f0
                0x00000000080000bc                . = ALIGN (0x4)
 *(.text)
 .text          0x00000000080000bc       0x48 C:/ST/STM32CubeIDE_1.14.1/STM32CubeIDE/plugins/com.st.stm32cube.ide.mcu.externaltools.gnu-tools-for-stm32.11.3.rel1.win32_1.1.100.202309141235/tools/bin/../lib/gcc/arm-none-eabi/11.3.1/thumb/v6-m/nofp/crtbegin.o
 .text          0x0000000008000104      0x114 C:/ST/STM32CubeIDE_1.14.1/STM32CubeIDE/plugins/com.st.stm32cube.ide.mcu.externaltools.gnu-tools-for-stm32.11.3.rel1.win32_1.1.100.202309141235/tools/bin/../lib/gcc/arm-none-eabi/11.3.1/thumb/v6-m/nofp\libgcc.a(_udivsi3.o)
                0x0000000008000104                __aeabi_uidiv
                0x0000000008000104                __udivsi3
                0x0000000008000210                __aeabi_uidivmod
 .text          0x0000000008000218        0x4 C:/ST/STM32CubeIDE_1.14.1/STM32CubeIDE/plugins/com.st.stm32cube.ide.mcu.externaltools.gnu-tools-for-stm32.11.3.rel1.win32_1.1.100.202309141235/tools/bin/../lib/gcc/arm-none-eabi/11.3.1/thumb/v6-m/nofp\libgcc.a(_dvmd_tls.o)
                0x0000000008000218                __aeabi_idiv0
                0x0000000008000218                __aeabi_ldiv0
 *(.text*)
 .text.iis2dh_read_reg
                0x000000000800021c       0x52 ./Core/Src/iis2dh_reg.o
                0x000000000800021c                iis2dh_read_reg
 .text.iis2dh_write_reg
                0x000000000800026e       0x52 ./Core/Src/iis2dh_reg.o
                0x000000000800026e                iis2dh_write_reg
 .text.iis2dh_operating_mode_set
                0x00000000080002c0       0xd2 ./Core/Src/iis2dh_reg.o
                0x00000000080002c0                iis2dh_operating_mode_set
 .text.iis2dh_data_rate_set
                0x0000000008000392       0x5c ./Core/Src/iis2dh_reg.o
                0x0000000008000392                iis2dh_data_rate_set
 .text.iis2dh_full_scale_set
                0x00000000080003ee       0x60 ./Core/Src/iis2dh_reg.o
                0x00000000080003ee                iis2dh_full_scale_set
 .text.main     0x000000000800044e       0x2c ./Core/Src/main.o
                0x000000000800044e                main
 .text.SystemClock_Config
                0x000000000800047a       0x90 ./Core/Src/main.o
                0x000000000800047a                SystemClock_Config
 *fill*         0x000000000800050a        0x2 
 .text.MX_SPI1_Init
                0x000000000800050c       0x7c ./Core/Src/main.o
 .text.MX_GPIO_Init
                0x0000000008000588       0xec ./Core/Src/main.o
 .text.astro_reset
                0x0000000008000674       0x2c ./Core/Src/main.o
                0x0000000008000674                astro_reset
 .text.acc_init
                0x00000000080006a0       0x4c ./Core/Src/main.o
                0x00000000080006a0                acc_init
 .text.my_lis2dw12_platform_write
                0x00000000080006ec       0x6a ./Core/Src/main.o
                0x00000000080006ec                my_lis2dw12_platform_write
 .text.my_lis2dw12_platform_read
                0x0000000008000756       0x7a ./Core/Src/main.o
                0x0000000008000756                my_lis2dw12_platform_read
 .text.gnss_init
                0x00000000080007d0       0x1c ./Core/Src/main.o
                0x00000000080007d0                gnss_init
 .text.sys_init
                0x00000000080007ec       0x12 ./Core/Src/main.o
                0x00000000080007ec                sys_init
 .text.Error_Handler
                0x00000000080007fe        0xa ./Core/Src/main.o
                0x00000000080007fe                Error_Handler
 .text.HAL_MspInit
                0x0000000008000808       0x50 ./Core/Src/stm32g0xx_hal_msp.o
                0x0000000008000808                HAL_MspInit
 .text.HAL_SPI_MspInit
                0x0000000008000858       0x94 ./Core/Src/stm32g0xx_hal_msp.o
                0x0000000008000858                HAL_SPI_MspInit
 .text.NMI_Handler
                0x00000000080008ec        0x6 ./Core/Src/stm32g0xx_it.o
                0x00000000080008ec                NMI_Handler
 .text.HardFault_Handler
                0x00000000080008f2        0x6 ./Core/Src/stm32g0xx_it.o
                0x00000000080008f2                HardFault_Handler
 .text.SVC_Handler
                0x00000000080008f8        0xa ./Core/Src/stm32g0xx_it.o
                0x00000000080008f8                SVC_Handler
 .text.PendSV_Handler
                0x0000000008000902        0xa ./Core/Src/stm32g0xx_it.o
                0x0000000008000902                PendSV_Handler
 .text.SysTick_Handler
                0x000000000800090c        0xe ./Core/Src/stm32g0xx_it.o
                0x000000000800090c                SysTick_Handler
 .text.SystemInit
                0x000000000800091a        0xa ./Core/Src/system_stm32g0xx.o
                0x000000000800091a                SystemInit
 .text.Reset_Handler
                0x0000000008000924       0x50 ./Core/Startup/startup_stm32g0b1cbtxn.o
                0x0000000008000924                Reset_Handler
 .text.Default_Handler
                0x0000000008000974        0x2 ./Core/Startup/startup_stm32g0b1cbtxn.o
                0x0000000008000974                I2C2_3_IRQHandler
                0x0000000008000974                USART3_4_5_6_LPUART1_IRQHandler
                0x0000000008000974                TIM1_CC_IRQHandler
                0x0000000008000974                ADC1_COMP_IRQHandler
                0x0000000008000974                I2C1_IRQHandler
                0x0000000008000974                TIM7_LPTIM2_IRQHandler
                0x0000000008000974                TIM17_FDCAN_IT1_IRQHandler
                0x0000000008000974                DMA1_Ch4_7_DMA2_Ch1_5_DMAMUX1_OVR_IRQHandler
                0x0000000008000974                RCC_CRS_IRQHandler
                0x0000000008000974                RTC_TAMP_IRQHandler
                0x0000000008000974                SPI1_IRQHandler
                0x0000000008000974                USB_UCPD1_2_IRQHandler
                0x0000000008000974                EXTI2_3_IRQHandler
                0x0000000008000974                USART2_LPUART2_IRQHandler
                0x0000000008000974                PVD_VDDIO2_IRQHandler
                0x0000000008000974                EXTI4_15_IRQHandler
                0x0000000008000974                DMA1_Channel1_IRQHandler
                0x0000000008000974                Default_Handler
                0x0000000008000974                CEC_IRQHandler
                0x0000000008000974                TIM14_IRQHandler
                0x0000000008000974                TIM15_IRQHandler
                0x0000000008000974                TIM3_TIM4_IRQHandler
                0x0000000008000974                EXTI0_1_IRQHandler
                0x0000000008000974                SPI2_3_IRQHandler
                0x0000000008000974                TIM6_DAC_LPTIM1_IRQHandler
                0x0000000008000974                WWDG_IRQHandler
                0x0000000008000974                TIM2_IRQHandler
                0x0000000008000974                DMA1_Channel2_3_IRQHandler
                0x0000000008000974                FLASH_IRQHandler
                0x0000000008000974                USART1_IRQHandler
                0x0000000008000974                TIM16_FDCAN_IT0_IRQHandler
                0x0000000008000974                TIM1_BRK_UP_TRG_COM_IRQHandler
 *fill*         0x0000000008000976        0x2 
 .text.HAL_Init
                0x0000000008000978       0x40 ./Drivers/STM32G0xx_HAL_Driver/Src/stm32g0xx_hal.o
                0x0000000008000978                HAL_Init
 .text.HAL_InitTick
                0x00000000080009b8       0x94 ./Drivers/STM32G0xx_HAL_Driver/Src/stm32g0xx_hal.o
                0x00000000080009b8                HAL_InitTick
 .text.HAL_IncTick
                0x0000000008000a4c       0x24 ./Drivers/STM32G0xx_HAL_Driver/Src/stm32g0xx_hal.o
                0x0000000008000a4c                HAL_IncTick
 .text.HAL_GetTick
                0x0000000008000a70       0x14 ./Drivers/STM32G0xx_HAL_Driver/Src/stm32g0xx_hal.o
                0x0000000008000a70                HAL_GetTick
 .text.HAL_Delay
                0x0000000008000a84       0x48 ./Drivers/STM32G0xx_HAL_Driver/Src/stm32g0xx_hal.o
                0x0000000008000a84                HAL_Delay
 .text.HAL_SYSCFG_StrobeDBattpinsConfig
                0x0000000008000acc       0x2c ./Drivers/STM32G0xx_HAL_Driver/Src/stm32g0xx_hal.o
                0x0000000008000acc                HAL_SYSCFG_StrobeDBattpinsConfig
 .text.__NVIC_SetPriority
                0x0000000008000af8       0xdc ./Drivers/STM32G0xx_HAL_Driver/Src/stm32g0xx_hal_cortex.o
 .text.SysTick_Config
                0x0000000008000bd4       0x48 ./Drivers/STM32G0xx_HAL_Driver/Src/stm32g0xx_hal_cortex.o
 .text.HAL_NVIC_SetPriority
                0x0000000008000c1c       0x2a ./Drivers/STM32G0xx_HAL_Driver/Src/stm32g0xx_hal_cortex.o
                0x0000000008000c1c                HAL_NVIC_SetPriority
 .text.HAL_SYSTICK_Config
                0x0000000008000c46       0x1a ./Drivers/STM32G0xx_HAL_Driver/Src/stm32g0xx_hal_cortex.o
                0x0000000008000c46                HAL_SYSTICK_Config
 .text.HAL_GPIO_Init
                0x0000000008000c60      0x2d8 ./Drivers/STM32G0xx_HAL_Driver/Src/stm32g0xx_hal_gpio.o
                0x0000000008000c60                HAL_GPIO_Init
 .text.HAL_GPIO_WritePin
                0x0000000008000f38       0x3a ./Drivers/STM32G0xx_HAL_Driver/Src/stm32g0xx_hal_gpio.o
                0x0000000008000f38                HAL_GPIO_WritePin
 *fill*         0x0000000008000f72        0x2 
 .text.HAL_PWREx_ControlVoltageScaling
                0x0000000008000f74       0x80 ./Drivers/STM32G0xx_HAL_Driver/Src/stm32g0xx_hal_pwr_ex.o
                0x0000000008000f74                HAL_PWREx_ControlVoltageScaling
 .text.HAL_PWREx_EnterSHUTDOWNMode
                0x0000000008000ff4       0x34 ./Drivers/STM32G0xx_HAL_Driver/Src/stm32g0xx_hal_pwr_ex.o
                0x0000000008000ff4                HAL_PWREx_EnterSHUTDOWNMode
 .text.HAL_RCC_OscConfig
                0x0000000008001028      0x6c0 ./Drivers/STM32G0xx_HAL_Driver/Src/stm32g0xx_hal_rcc.o
                0x0000000008001028                HAL_RCC_OscConfig
 .text.HAL_RCC_ClockConfig
                0x00000000080016e8      0x210 ./Drivers/STM32G0xx_HAL_Driver/Src/stm32g0xx_hal_rcc.o
                0x00000000080016e8                HAL_RCC_ClockConfig
 .text.HAL_RCC_GetSysClockFreq
                0x00000000080018f8      0x104 ./Drivers/STM32G0xx_HAL_Driver/Src/stm32g0xx_hal_rcc.o
                0x00000000080018f8                HAL_RCC_GetSysClockFreq
 .text.HAL_SPI_Init
                0x00000000080019fc      0x170 ./Drivers/STM32G0xx_HAL_Driver/Src/stm32g0xx_hal_spi.o
                0x00000000080019fc                HAL_SPI_Init
 .text.HAL_SPI_Transmit
                0x0000000008001b6c      0x2be ./Drivers/STM32G0xx_HAL_Driver/Src/stm32g0xx_hal_spi.o
                0x0000000008001b6c                HAL_SPI_Transmit
 *fill*         0x0000000008001e2a        0x2 
 .text.HAL_SPI_Receive
                0x0000000008001e2c      0x2a4 ./Drivers/STM32G0xx_HAL_Driver/Src/stm32g0xx_hal_spi.o
                0x0000000008001e2c                HAL_SPI_Receive
 .text.HAL_SPI_TransmitReceive
                0x00000000080020d0      0x3c4 ./Drivers/STM32G0xx_HAL_Driver/Src/stm32g0xx_hal_spi.o
                0x00000000080020d0                HAL_SPI_TransmitReceive
 .text.SPI_WaitFlagStateUntilTimeout
                0x0000000008002494      0x11c ./Drivers/STM32G0xx_HAL_Driver/Src/stm32g0xx_hal_spi.o
 .text.SPI_WaitFifoStateUntilTimeout
                0x00000000080025b0      0x144 ./Drivers/STM32G0xx_HAL_Driver/Src/stm32g0xx_hal_spi.o
 .text.SPI_EndRxTransaction
                0x00000000080026f4       0xbc ./Drivers/STM32G0xx_HAL_Driver/Src/stm32g0xx_hal_spi.o
 .text.SPI_EndRxTxTransaction
                0x00000000080027b0       0x8c ./Drivers/STM32G0xx_HAL_Driver/Src/stm32g0xx_hal_spi.o
 .text.memset   0x000000000800283c       0x10 C:/ST/STM32CubeIDE_1.14.1/STM32CubeIDE/plugins/com.st.stm32cube.ide.mcu.externaltools.gnu-tools-for-stm32.11.3.rel1.win32_1.1.100.202309141235/tools/bin/../lib/gcc/arm-none-eabi/11.3.1/../../../../arm-none-eabi/lib/thumb/v6-m/nofp\libc_nano.a(libc_a-memset.o)
                0x000000000800283c                memset
 .text.__libc_init_array
                0x000000000800284c       0x48 C:/ST/STM32CubeIDE_1.14.1/STM32CubeIDE/plugins/com.st.stm32cube.ide.mcu.externaltools.gnu-tools-for-stm32.11.3.rel1.win32_1.1.100.202309141235/tools/bin/../lib/gcc/arm-none-eabi/11.3.1/../../../../arm-none-eabi/lib/thumb/v6-m/nofp\libc_nano.a(libc_a-init.o)
                0x000000000800284c                __libc_init_array
 *(.glue_7)
 .glue_7        0x0000000008002894        0x0 linker stubs
 *(.glue_7t)
 .glue_7t       0x0000000008002894        0x0 linker stubs
 *(.eh_frame)
 .eh_frame      0x0000000008002894        0x0 C:/ST/STM32CubeIDE_1.14.1/STM32CubeIDE/plugins/com.st.stm32cube.ide.mcu.externaltools.gnu-tools-for-stm32.11.3.rel1.win32_1.1.100.202309141235/tools/bin/../lib/gcc/arm-none-eabi/11.3.1/thumb/v6-m/nofp/crtbegin.o
 *(.init)
 .init          0x0000000008002894        0x4 C:/ST/STM32CubeIDE_1.14.1/STM32CubeIDE/plugins/com.st.stm32cube.ide.mcu.externaltools.gnu-tools-for-stm32.11.3.rel1.win32_1.1.100.202309141235/tools/bin/../lib/gcc/arm-none-eabi/11.3.1/thumb/v6-m/nofp/crti.o
                0x0000000008002894                _init
 .init          0x0000000008002898        0x8 C:/ST/STM32CubeIDE_1.14.1/STM32CubeIDE/plugins/com.st.stm32cube.ide.mcu.externaltools.gnu-tools-for-stm32.11.3.rel1.win32_1.1.100.202309141235/tools/bin/../lib/gcc/arm-none-eabi/11.3.1/thumb/v6-m/nofp/crtn.o
 *(.fini)
 .fini          0x00000000080028a0        0x4 C:/ST/STM32CubeIDE_1.14.1/STM32CubeIDE/plugins/com.st.stm32cube.ide.mcu.externaltools.gnu-tools-for-stm32.11.3.rel1.win32_1.1.100.202309141235/tools/bin/../lib/gcc/arm-none-eabi/11.3.1/thumb/v6-m/nofp/crti.o
                0x00000000080028a0                _fini
 .fini          0x00000000080028a4        0x8 C:/ST/STM32CubeIDE_1.14.1/STM32CubeIDE/plugins/com.st.stm32cube.ide.mcu.externaltools.gnu-tools-for-stm32.11.3.rel1.win32_1.1.100.202309141235/tools/bin/../lib/gcc/arm-none-eabi/11.3.1/thumb/v6-m/nofp/crtn.o
                0x00000000080028ac                . = ALIGN (0x4)
                0x00000000080028ac                _etext = .

.vfp11_veneer   0x00000000080028ac        0x0
 .vfp11_veneer  0x00000000080028ac        0x0 linker stubs

.v4_bx          0x00000000080028ac        0x0
 .v4_bx         0x00000000080028ac        0x0 linker stubs

.iplt           0x00000000080028ac        0x0
 .iplt          0x00000000080028ac        0x0 C:/ST/STM32CubeIDE_1.14.1/STM32CubeIDE/plugins/com.st.stm32cube.ide.mcu.externaltools.gnu-tools-for-stm32.11.3.rel1.win32_1.1.100.202309141235/tools/bin/../lib/gcc/arm-none-eabi/11.3.1/thumb/v6-m/nofp/crtbegin.o

.rodata         0x00000000080028ac       0x40
                0x00000000080028ac                . = ALIGN (0x4)
 *(.rodata)
 *(.rodata*)
 .rodata.AHBPrescTable
                0x00000000080028ac       0x40 ./Core/Src/system_stm32g0xx.o
                0x00000000080028ac                AHBPrescTable
                0x00000000080028ec                . = ALIGN (0x4)

.rel.dyn        0x00000000080028ec        0x0
 .rel.iplt      0x00000000080028ec        0x0 C:/ST/STM32CubeIDE_1.14.1/STM32CubeIDE/plugins/com.st.stm32cube.ide.mcu.externaltools.gnu-tools-for-stm32.11.3.rel1.win32_1.1.100.202309141235/tools/bin/../lib/gcc/arm-none-eabi/11.3.1/thumb/v6-m/nofp/crtbegin.o

.ARM.extab      0x00000000080028ec        0x0
                0x00000000080028ec                . = ALIGN (0x4)
 *(.ARM.extab* .gnu.linkonce.armextab.*)
                0x00000000080028ec                . = ALIGN (0x4)

.ARM            0x00000000080028ec        0x0
                0x00000000080028ec                . = ALIGN (0x4)
                0x00000000080028ec                __exidx_start = .
 *(.ARM.exidx*)
                0x00000000080028ec                __exidx_end = .
                0x00000000080028ec                . = ALIGN (0x4)

.preinit_array  0x00000000080028ec        0x0
                0x00000000080028ec                . = ALIGN (0x4)
                0x00000000080028ec                PROVIDE (__preinit_array_start = .)
 *(.preinit_array*)
                0x00000000080028ec                PROVIDE (__preinit_array_end = .)
                0x00000000080028ec                . = ALIGN (0x4)

.init_array     0x00000000080028ec        0x4
                0x00000000080028ec                . = ALIGN (0x4)
                0x00000000080028ec                PROVIDE (__init_array_start = .)
 *(SORT_BY_NAME(.init_array.*))
 *(.init_array*)
 .init_array    0x00000000080028ec        0x4 C:/ST/STM32CubeIDE_1.14.1/STM32CubeIDE/plugins/com.st.stm32cube.ide.mcu.externaltools.gnu-tools-for-stm32.11.3.rel1.win32_1.1.100.202309141235/tools/bin/../lib/gcc/arm-none-eabi/11.3.1/thumb/v6-m/nofp/crtbegin.o
                0x00000000080028f0                PROVIDE (__init_array_end = .)
                0x00000000080028f0                . = ALIGN (0x4)

.fini_array     0x00000000080028f0        0x4
                0x00000000080028f0                . = ALIGN (0x4)
                [!provide]                        PROVIDE (__fini_array_start = .)
 *(SORT_BY_NAME(.fini_array.*))
 *(.fini_array*)
 .fini_array    0x00000000080028f0        0x4 C:/ST/STM32CubeIDE_1.14.1/STM32CubeIDE/plugins/com.st.stm32cube.ide.mcu.externaltools.gnu-tools-for-stm32.11.3.rel1.win32_1.1.100.202309141235/tools/bin/../lib/gcc/arm-none-eabi/11.3.1/thumb/v6-m/nofp/crtbegin.o
                [!provide]                        PROVIDE (__fini_array_end = .)
                0x00000000080028f4                . = ALIGN (0x4)
                0x00000000080028f4                _sidata = LOADADDR (.data)

.data           0x0000000020000000        0xc load address 0x00000000080028f4
                0x0000000020000000                . = ALIGN (0x4)
                0x0000000020000000                _sdata = .
 *(.data)
 *(.data*)
 .data.SystemCoreClock
                0x0000000020000000        0x4 ./Core/Src/system_stm32g0xx.o
                0x0000000020000000                SystemCoreClock
 .data.uwTickPrio
                0x0000000020000004        0x4 ./Drivers/STM32G0xx_HAL_Driver/Src/stm32g0xx_hal.o
                0x0000000020000004                uwTickPrio
 .data.uwTickFreq
                0x0000000020000008        0x1 ./Drivers/STM32G0xx_HAL_Driver/Src/stm32g0xx_hal.o
                0x0000000020000008                uwTickFreq
 *(.RamFunc)
 *(.RamFunc*)
                0x000000002000000c                . = ALIGN (0x4)
 *fill*         0x0000000020000009        0x3 
                0x000000002000000c                _edata = .

.igot.plt       0x000000002000000c        0x0 load address 0x0000000008002900
 .igot.plt      0x000000002000000c        0x0 C:/ST/STM32CubeIDE_1.14.1/STM32CubeIDE/plugins/com.st.stm32cube.ide.mcu.externaltools.gnu-tools-for-stm32.11.3.rel1.win32_1.1.100.202309141235/tools/bin/../lib/gcc/arm-none-eabi/11.3.1/thumb/v6-m/nofp/crtbegin.o
                0x000000002000000c                . = ALIGN (0x4)

.bss            0x000000002000000c       0x94 load address 0x0000000008002900
                0x000000002000000c                _sbss = .
                0x000000002000000c                __bss_start__ = _sbss
 *(.bss)
 .bss           0x000000002000000c       0x1c C:/ST/STM32CubeIDE_1.14.1/STM32CubeIDE/plugins/com.st.stm32cube.ide.mcu.externaltools.gnu-tools-for-stm32.11.3.rel1.win32_1.1.100.202309141235/tools/bin/../lib/gcc/arm-none-eabi/11.3.1/thumb/v6-m/nofp/crtbegin.o
 *(.bss*)
 .bss.hspi1     0x0000000020000028       0x64 ./Core/Src/main.o
                0x0000000020000028                hspi1
 .bss.my_acc_ctx
                0x000000002000008c       0x10 ./Core/Src/main.o
                0x000000002000008c                my_acc_ctx
 .bss.uwTick    0x000000002000009c        0x4 ./Drivers/STM32G0xx_HAL_Driver/Src/stm32g0xx_hal.o
                0x000000002000009c                uwTick
 *(COMMON)
                0x00000000200000a0                . = ALIGN (0x4)
                0x00000000200000a0                _ebss = .
                0x00000000200000a0                __bss_end__ = _ebss

._user_heap_stack
                0x00000000200000a0      0x600 load address 0x0000000008002900
                0x00000000200000a0                . = ALIGN (0x8)
                [!provide]                        PROVIDE (end = .)
                0x00000000200000a0                PROVIDE (_end = .)
                0x00000000200002a0                . = (. + _Min_Heap_Size)
 *fill*         0x00000000200000a0      0x200 
                0x00000000200006a0                . = (. + _Min_Stack_Size)
 *fill*         0x00000000200002a0      0x400 
                0x00000000200006a0                . = ALIGN (0x8)

/DISCARD/
 libc.a(*)
 libm.a(*)
 libgcc.a(*)

.ARM.attributes
                0x0000000000000000       0x28
 *(.ARM.attributes)
 .ARM.attributes
                0x0000000000000000       0x1e C:/ST/STM32CubeIDE_1.14.1/STM32CubeIDE/plugins/com.st.stm32cube.ide.mcu.externaltools.gnu-tools-for-stm32.11.3.rel1.win32_1.1.100.202309141235/tools/bin/../lib/gcc/arm-none-eabi/11.3.1/thumb/v6-m/nofp/crti.o
 .ARM.attributes
                0x000000000000001e       0x2c C:/ST/STM32CubeIDE_1.14.1/STM32CubeIDE/plugins/com.st.stm32cube.ide.mcu.externaltools.gnu-tools-for-stm32.11.3.rel1.win32_1.1.100.202309141235/tools/bin/../lib/gcc/arm-none-eabi/11.3.1/thumb/v6-m/nofp/crtbegin.o
 .ARM.attributes
                0x000000000000004a       0x2c ./Core/Src/iis2dh_reg.o
 .ARM.attributes
                0x0000000000000076       0x2c ./Core/Src/main.o
 .ARM.attributes
                0x00000000000000a2       0x2c ./Core/Src/stm32g0xx_hal_msp.o
 .ARM.attributes
                0x00000000000000ce       0x2c ./Core/Src/stm32g0xx_it.o
 .ARM.attributes
                0x00000000000000fa       0x2c ./Core/Src/system_stm32g0xx.o
 .ARM.attributes
                0x0000000000000126       0x22 ./Core/Startup/startup_stm32g0b1cbtxn.o
 .ARM.attributes
                0x0000000000000148       0x2c ./Drivers/STM32G0xx_HAL_Driver/Src/stm32g0xx_hal.o
 .ARM.attributes
                0x0000000000000174       0x2c ./Drivers/STM32G0xx_HAL_Driver/Src/stm32g0xx_hal_cortex.o
 .ARM.attributes
                0x00000000000001a0       0x2c ./Drivers/STM32G0xx_HAL_Driver/Src/stm32g0xx_hal_gpio.o
 .ARM.attributes
                0x00000000000001cc       0x2c ./Drivers/STM32G0xx_HAL_Driver/Src/stm32g0xx_hal_pwr_ex.o
 .ARM.attributes
                0x00000000000001f8       0x2c ./Drivers/STM32G0xx_HAL_Driver/Src/stm32g0xx_hal_rcc.o
 .ARM.attributes
                0x0000000000000224       0x2c ./Drivers/STM32G0xx_HAL_Driver/Src/stm32g0xx_hal_spi.o
 .ARM.attributes
                0x0000000000000250       0x2c C:/ST/STM32CubeIDE_1.14.1/STM32CubeIDE/plugins/com.st.stm32cube.ide.mcu.externaltools.gnu-tools-for-stm32.11.3.rel1.win32_1.1.100.202309141235/tools/bin/../lib/gcc/arm-none-eabi/11.3.1/../../../../arm-none-eabi/lib/thumb/v6-m/nofp\libc_nano.a(libc_a-memset.o)
 .ARM.attributes
                0x000000000000027c       0x2c C:/ST/STM32CubeIDE_1.14.1/STM32CubeIDE/plugins/com.st.stm32cube.ide.mcu.externaltools.gnu-tools-for-stm32.11.3.rel1.win32_1.1.100.202309141235/tools/bin/../lib/gcc/arm-none-eabi/11.3.1/../../../../arm-none-eabi/lib/thumb/v6-m/nofp\libc_nano.a(libc_a-init.o)
 .ARM.attributes
                0x00000000000002a8       0x1e C:/ST/STM32CubeIDE_1.14.1/STM32CubeIDE/plugins/com.st.stm32cube.ide.mcu.externaltools.gnu-tools-for-stm32.11.3.rel1.win32_1.1.100.202309141235/tools/bin/../lib/gcc/arm-none-eabi/11.3.1/thumb/v6-m/nofp\libgcc.a(_udivsi3.o)
 .ARM.attributes
                0x00000000000002c6       0x1e C:/ST/STM32CubeIDE_1.14.1/STM32CubeIDE/plugins/com.st.stm32cube.ide.mcu.externaltools.gnu-tools-for-stm32.11.3.rel1.win32_1.1.100.202309141235/tools/bin/../lib/gcc/arm-none-eabi/11.3.1/thumb/v6-m/nofp\libgcc.a(_dvmd_tls.o)
 .ARM.attributes
                0x00000000000002e4       0x1e C:/ST/STM32CubeIDE_1.14.1/STM32CubeIDE/plugins/com.st.stm32cube.ide.mcu.externaltools.gnu-tools-for-stm32.11.3.rel1.win32_1.1.100.202309141235/tools/bin/../lib/gcc/arm-none-eabi/11.3.1/thumb/v6-m/nofp/crtn.o
OUTPUT(nemo2.space_tracker_p_ulp_test.elf elf32-littlearm)
LOAD linker stubs
LOAD C:/ST/STM32CubeIDE_1.14.1/STM32CubeIDE/plugins/com.st.stm32cube.ide.mcu.externaltools.gnu-tools-for-stm32.11.3.rel1.win32_1.1.100.202309141235/tools/bin/../lib/gcc/arm-none-eabi/11.3.1/../../../../arm-none-eabi/lib/thumb/v6-m/nofp\libc.a
LOAD C:/ST/STM32CubeIDE_1.14.1/STM32CubeIDE/plugins/com.st.stm32cube.ide.mcu.externaltools.gnu-tools-for-stm32.11.3.rel1.win32_1.1.100.202309141235/tools/bin/../lib/gcc/arm-none-eabi/11.3.1/../../../../arm-none-eabi/lib/thumb/v6-m/nofp\libm.a
LOAD C:/ST/STM32CubeIDE_1.14.1/STM32CubeIDE/plugins/com.st.stm32cube.ide.mcu.externaltools.gnu-tools-for-stm32.11.3.rel1.win32_1.1.100.202309141235/tools/bin/../lib/gcc/arm-none-eabi/11.3.1/thumb/v6-m/nofp\libgcc.a

.comment        0x0000000000000000       0x43
 .comment       0x0000000000000000       0x43 C:/ST/STM32CubeIDE_1.14.1/STM32CubeIDE/plugins/com.st.stm32cube.ide.mcu.externaltools.gnu-tools-for-stm32.11.3.rel1.win32_1.1.100.202309141235/tools/bin/../lib/gcc/arm-none-eabi/11.3.1/thumb/v6-m/nofp/crtbegin.o
                                         0x44 (size before relaxing)
 .comment       0x0000000000000043       0x44 ./Core/Src/iis2dh_reg.o
 .comment       0x0000000000000043       0x44 ./Core/Src/main.o
 .comment       0x0000000000000043       0x44 ./Core/Src/stm32g0xx_hal_msp.o
 .comment       0x0000000000000043       0x44 ./Core/Src/stm32g0xx_it.o
 .comment       0x0000000000000043       0x44 ./Core/Src/system_stm32g0xx.o
 .comment       0x0000000000000043       0x44 ./Drivers/STM32G0xx_HAL_Driver/Src/stm32g0xx_hal.o
 .comment       0x0000000000000043       0x44 ./Drivers/STM32G0xx_HAL_Driver/Src/stm32g0xx_hal_cortex.o
 .comment       0x0000000000000043       0x44 ./Drivers/STM32G0xx_HAL_Driver/Src/stm32g0xx_hal_gpio.o
 .comment       0x0000000000000043       0x44 ./Drivers/STM32G0xx_HAL_Driver/Src/stm32g0xx_hal_pwr_ex.o
 .comment       0x0000000000000043       0x44 ./Drivers/STM32G0xx_HAL_Driver/Src/stm32g0xx_hal_rcc.o
 .comment       0x0000000000000043       0x44 ./Drivers/STM32G0xx_HAL_Driver/Src/stm32g0xx_hal_spi.o

.debug_info     0x0000000000000000     0x91c5
 .debug_info    0x0000000000000000     0x2d9e ./Core/Src/iis2dh_reg.o
 .debug_info    0x0000000000002d9e     0x1037 ./Core/Src/main.o
 .debug_info    0x0000000000003dd5      0xa3d ./Core/Src/stm32g0xx_hal_msp.o
 .debug_info    0x0000000000004812      0x117 ./Core/Src/stm32g0xx_it.o
 .debug_info    0x0000000000004929      0x316 ./Core/Src/system_stm32g0xx.o
 .debug_info    0x0000000000004c3f       0x23 ./Core/Startup/startup_stm32g0b1cbtxn.o
 .debug_info    0x0000000000004c62      0xafa ./Drivers/STM32G0xx_HAL_Driver/Src/stm32g0xx_hal.o
 .debug_info    0x000000000000575c      0x8d9 ./Drivers/STM32G0xx_HAL_Driver/Src/stm32g0xx_hal_cortex.o
 .debug_info    0x0000000000006035      0x5d9 ./Drivers/STM32G0xx_HAL_Driver/Src/stm32g0xx_hal_gpio.o
 .debug_info    0x000000000000660e      0x8b5 ./Drivers/STM32G0xx_HAL_Driver/Src/stm32g0xx_hal_pwr_ex.o
 .debug_info    0x0000000000006ec3      0xb9b ./Drivers/STM32G0xx_HAL_Driver/Src/stm32g0xx_hal_rcc.o
 .debug_info    0x0000000000007a5e     0x1767 ./Drivers/STM32G0xx_HAL_Driver/Src/stm32g0xx_hal_spi.o

.debug_abbrev   0x0000000000000000     0x16f6
 .debug_abbrev  0x0000000000000000      0x224 ./Core/Src/iis2dh_reg.o
 .debug_abbrev  0x0000000000000224      0x2ec ./Core/Src/main.o
 .debug_abbrev  0x0000000000000510      0x1a7 ./Core/Src/stm32g0xx_hal_msp.o
 .debug_abbrev  0x00000000000006b7       0xac ./Core/Src/stm32g0xx_it.o
 .debug_abbrev  0x0000000000000763      0x119 ./Core/Src/system_stm32g0xx.o
 .debug_abbrev  0x000000000000087c       0x12 ./Core/Startup/startup_stm32g0b1cbtxn.o
 .debug_abbrev  0x000000000000088e      0x27f ./Drivers/STM32G0xx_HAL_Driver/Src/stm32g0xx_hal.o
 .debug_abbrev  0x0000000000000b0d      0x2ab ./Drivers/STM32G0xx_HAL_Driver/Src/stm32g0xx_hal_cortex.o
 .debug_abbrev  0x0000000000000db8      0x1c8 ./Drivers/STM32G0xx_HAL_Driver/Src/stm32g0xx_hal_gpio.o
 .debug_abbrev  0x0000000000000f80      0x23c ./Drivers/STM32G0xx_HAL_Driver/Src/stm32g0xx_hal_pwr_ex.o
 .debug_abbrev  0x00000000000011bc      0x2aa ./Drivers/STM32G0xx_HAL_Driver/Src/stm32g0xx_hal_rcc.o
 .debug_abbrev  0x0000000000001466      0x290 ./Drivers/STM32G0xx_HAL_Driver/Src/stm32g0xx_hal_spi.o

.debug_aranges  0x0000000000000000      0xac8
 .debug_aranges
                0x0000000000000000      0x380 ./Core/Src/iis2dh_reg.o
 .debug_aranges
                0x0000000000000380       0x70 ./Core/Src/main.o
 .debug_aranges
                0x00000000000003f0       0x30 ./Core/Src/stm32g0xx_hal_msp.o
 .debug_aranges
                0x0000000000000420       0x40 ./Core/Src/stm32g0xx_it.o
 .debug_aranges
                0x0000000000000460       0x28 ./Core/Src/system_stm32g0xx.o
 .debug_aranges
                0x0000000000000488       0x28 ./Core/Startup/startup_stm32g0b1cbtxn.o
 .debug_aranges
                0x00000000000004b0      0x130 ./Drivers/STM32G0xx_HAL_Driver/Src/stm32g0xx_hal.o
 .debug_aranges
                0x00000000000005e0       0xe8 ./Drivers/STM32G0xx_HAL_Driver/Src/stm32g0xx_hal_cortex.o
 .debug_aranges
                0x00000000000006c8       0x60 ./Drivers/STM32G0xx_HAL_Driver/Src/stm32g0xx_hal_gpio.o
 .debug_aranges
                0x0000000000000728      0x128 ./Drivers/STM32G0xx_HAL_Driver/Src/stm32g0xx_hal_pwr_ex.o
 .debug_aranges
                0x0000000000000850       0xa0 ./Drivers/STM32G0xx_HAL_Driver/Src/stm32g0xx_hal_rcc.o
 .debug_aranges
                0x00000000000008f0      0x1d8 ./Drivers/STM32G0xx_HAL_Driver/Src/stm32g0xx_hal_spi.o

.debug_rnglists
                0x0000000000000000      0x810
 .debug_rnglists
                0x0000000000000000      0x29f ./Core/Src/iis2dh_reg.o
 .debug_rnglists
                0x000000000000029f       0x51 ./Core/Src/main.o
 .debug_rnglists
                0x00000000000002f0       0x20 ./Core/Src/stm32g0xx_hal_msp.o
 .debug_rnglists
                0x0000000000000310       0x2b ./Core/Src/stm32g0xx_it.o
 .debug_rnglists
                0x000000000000033b       0x1a ./Core/Src/system_stm32g0xx.o
 .debug_rnglists
                0x0000000000000355       0x19 ./Core/Startup/startup_stm32g0b1cbtxn.o
 .debug_rnglists
                0x000000000000036e       0xe0 ./Drivers/STM32G0xx_HAL_Driver/Src/stm32g0xx_hal.o
 .debug_rnglists
                0x000000000000044e       0xaa ./Drivers/STM32G0xx_HAL_Driver/Src/stm32g0xx_hal_cortex.o
 .debug_rnglists
                0x00000000000004f8       0x45 ./Drivers/STM32G0xx_HAL_Driver/Src/stm32g0xx_hal_gpio.o
 .debug_rnglists
                0x000000000000053d       0xe0 ./Drivers/STM32G0xx_HAL_Driver/Src/stm32g0xx_hal_pwr_ex.o
 .debug_rnglists
                0x000000000000061d       0x79 ./Drivers/STM32G0xx_HAL_Driver/Src/stm32g0xx_hal_rcc.o
 .debug_rnglists
                0x0000000000000696      0x17a ./Drivers/STM32G0xx_HAL_Driver/Src/stm32g0xx_hal_spi.o

.debug_macro    0x0000000000000000    0x1ad04
 .debug_macro   0x0000000000000000      0x126 ./Core/Src/iis2dh_reg.o
 .debug_macro   0x0000000000000126      0xa7e ./Core/Src/iis2dh_reg.o
 .debug_macro   0x0000000000000ba4       0x22 ./Core/Src/iis2dh_reg.o
 .debug_macro   0x0000000000000bc6       0x8e ./Core/Src/iis2dh_reg.o
 .debug_macro   0x0000000000000c54       0x51 ./Core/Src/iis2dh_reg.o
 .debug_macro   0x0000000000000ca5      0x103 ./Core/Src/iis2dh_reg.o
 .debug_macro   0x0000000000000da8       0x6a ./Core/Src/iis2dh_reg.o
 .debug_macro   0x0000000000000e12      0x1df ./Core/Src/iis2dh_reg.o
 .debug_macro   0x0000000000000ff1      0x174 ./Core/Src/iis2dh_reg.o
 .debug_macro   0x0000000000001165       0x61 ./Core/Src/iis2dh_reg.o
 .debug_macro   0x00000000000011c6       0x24 ./Core/Src/iis2dh_reg.o
 .debug_macro   0x00000000000011ea       0x43 ./Core/Src/iis2dh_reg.o
 .debug_macro   0x000000000000122d       0x34 ./Core/Src/iis2dh_reg.o
 .debug_macro   0x0000000000001261       0x16 ./Core/Src/iis2dh_reg.o
 .debug_macro   0x0000000000001277       0x43 ./Core/Src/iis2dh_reg.o
 .debug_macro   0x00000000000012ba       0x34 ./Core/Src/iis2dh_reg.o
 .debug_macro   0x00000000000012ee       0x10 ./Core/Src/iis2dh_reg.o
 .debug_macro   0x00000000000012fe       0x58 ./Core/Src/iis2dh_reg.o
 .debug_macro   0x0000000000001356       0x8e ./Core/Src/iis2dh_reg.o
 .debug_macro   0x00000000000013e4       0x1c ./Core/Src/iis2dh_reg.o
 .debug_macro   0x0000000000001400      0x177 ./Core/Src/iis2dh_reg.o
 .debug_macro   0x0000000000001577      0x369 ./Core/Src/iis2dh_reg.o
 .debug_macro   0x00000000000018e0      0x19b ./Core/Src/iis2dh_reg.o
 .debug_macro   0x0000000000001a7b      0x155 ./Core/Src/iis2dh_reg.o
 .debug_macro   0x0000000000001bd0      0x299 ./Core/Src/main.o
 .debug_macro   0x0000000000001e69      0x124 ./Core/Src/main.o
 .debug_macro   0x0000000000001f8d       0x2e ./Core/Src/main.o
 .debug_macro   0x0000000000001fbb       0x28 ./Core/Src/main.o
 .debug_macro   0x0000000000001fe3       0x1c ./Core/Src/main.o
 .debug_macro   0x0000000000001fff       0x22 ./Core/Src/main.o
 .debug_macro   0x0000000000002021       0xd1 ./Core/Src/main.o
 .debug_macro   0x00000000000020f2      0x4da ./Core/Src/main.o
 .debug_macro   0x00000000000025cc      0x11f ./Core/Src/main.o
 .debug_macro   0x00000000000026eb     0xf3de ./Core/Src/main.o
 .debug_macro   0x0000000000011ac9       0x66 ./Core/Src/main.o
 .debug_macro   0x0000000000011b2f     0x350e ./Core/Src/main.o
 .debug_macro   0x000000000001503d       0x5c ./Core/Src/main.o
 .debug_macro   0x0000000000015099      0x72c ./Core/Src/main.o
 .debug_macro   0x00000000000157c5     0x1579 ./Core/Src/main.o
 .debug_macro   0x0000000000016d3e      0x535 ./Core/Src/main.o
 .debug_macro   0x0000000000017273      0x1cf ./Core/Src/main.o
 .debug_macro   0x0000000000017442      0x25b ./Core/Src/main.o
 .debug_macro   0x000000000001769d      0x4f5 ./Core/Src/main.o
 .debug_macro   0x0000000000017b92      0x280 ./Core/Src/main.o
 .debug_macro   0x0000000000017e12      0x417 ./Core/Src/main.o
 .debug_macro   0x0000000000018229      0x1b2 ./Core/Src/main.o
 .debug_macro   0x00000000000183db       0x43 ./Core/Src/main.o
 .debug_macro   0x000000000001841e      0x1f1 ./Core/Src/main.o
 .debug_macro   0x000000000001860f      0x1e4 ./Core/Src/main.o
 .debug_macro   0x00000000000187f3      0x3fa ./Core/Src/main.o
 .debug_macro   0x0000000000018bed       0x28 ./Core/Src/main.o
 .debug_macro   0x0000000000018c15      0x123 ./Core/Src/main.o
 .debug_macro   0x0000000000018d38      0x145 ./Core/Src/main.o
 .debug_macro   0x0000000000018e7d      0x30b ./Core/Src/main.o
 .debug_macro   0x0000000000019188      0x2fe ./Core/Src/main.o
 .debug_macro   0x0000000000019486      0x5df ./Core/Src/main.o
 .debug_macro   0x0000000000019a65       0x58 ./Core/Src/main.o
 .debug_macro   0x0000000000019abd      0x14e ./Core/Src/main.o
 .debug_macro   0x0000000000019c0b      0x1db ./Core/Src/stm32g0xx_hal_msp.o
 .debug_macro   0x0000000000019de6      0x1e5 ./Core/Src/stm32g0xx_it.o
 .debug_macro   0x0000000000019fcb      0x1cc ./Core/Src/system_stm32g0xx.o
 .debug_macro   0x000000000001a197      0x1f0 ./Drivers/STM32G0xx_HAL_Driver/Src/stm32g0xx_hal.o
 .debug_macro   0x000000000001a387      0x1cc ./Drivers/STM32G0xx_HAL_Driver/Src/stm32g0xx_hal_cortex.o
 .debug_macro   0x000000000001a553      0x1d3 ./Drivers/STM32G0xx_HAL_Driver/Src/stm32g0xx_hal_gpio.o
 .debug_macro   0x000000000001a726      0x1f6 ./Drivers/STM32G0xx_HAL_Driver/Src/stm32g0xx_hal_pwr_ex.o
 .debug_macro   0x000000000001a91c      0x214 ./Drivers/STM32G0xx_HAL_Driver/Src/stm32g0xx_hal_rcc.o
 .debug_macro   0x000000000001ab30      0x1d4 ./Drivers/STM32G0xx_HAL_Driver/Src/stm32g0xx_hal_spi.o

.debug_line     0x0000000000000000     0x94e0
 .debug_line    0x0000000000000000     0x15a7 ./Core/Src/iis2dh_reg.o
 .debug_line    0x00000000000015a7      0xa57 ./Core/Src/main.o
 .debug_line    0x0000000000001ffe      0x7ad ./Core/Src/stm32g0xx_hal_msp.o
 .debug_line    0x00000000000027ab      0x7c3 ./Core/Src/stm32g0xx_it.o
 .debug_line    0x0000000000002f6e      0x7d1 ./Core/Src/system_stm32g0xx.o
 .debug_line    0x000000000000373f       0x7b ./Core/Startup/startup_stm32g0b1cbtxn.o
 .debug_line    0x00000000000037ba      0xb37 ./Drivers/STM32G0xx_HAL_Driver/Src/stm32g0xx_hal.o
 .debug_line    0x00000000000042f1      0xbb6 ./Drivers/STM32G0xx_HAL_Driver/Src/stm32g0xx_hal_cortex.o
 .debug_line    0x0000000000004ea7      0xb88 ./Drivers/STM32G0xx_HAL_Driver/Src/stm32g0xx_hal_gpio.o
 .debug_line    0x0000000000005a2f      0xbec ./Drivers/STM32G0xx_HAL_Driver/Src/stm32g0xx_hal_pwr_ex.o
 .debug_line    0x000000000000661b      0xfa1 ./Drivers/STM32G0xx_HAL_Driver/Src/stm32g0xx_hal_rcc.o
 .debug_line    0x00000000000075bc     0x1f24 ./Drivers/STM32G0xx_HAL_Driver/Src/stm32g0xx_hal_spi.o

.debug_str      0x0000000000000000    0xadcf5
 .debug_str     0x0000000000000000     0x8ef3 ./Core/Src/iis2dh_reg.o
                                       0x911f (size before relaxing)
 .debug_str     0x0000000000008ef3    0xa31ed ./Core/Src/main.o
                                      0xab5f8 (size before relaxing)
 .debug_str     0x00000000000ac0e0       0x84 ./Core/Src/stm32g0xx_hal_msp.o
                                      0xa7435 (size before relaxing)
 .debug_str     0x00000000000ac164       0x82 ./Core/Src/stm32g0xx_it.o
                                      0xa6e07 (size before relaxing)
 .debug_str     0x00000000000ac1e6       0x8e ./Core/Src/system_stm32g0xx.o
                                      0xa6d78 (size before relaxing)
 .debug_str     0x00000000000ac274       0x35 ./Core/Startup/startup_stm32g0b1cbtxn.o
                                         0x72 (size before relaxing)
 .debug_str     0x00000000000ac2a9      0x807 ./Drivers/STM32G0xx_HAL_Driver/Src/stm32g0xx_hal.o
                                      0xa7651 (size before relaxing)
 .debug_str     0x00000000000acab0      0x2c6 ./Drivers/STM32G0xx_HAL_Driver/Src/stm32g0xx_hal_cortex.o
                                      0xa7289 (size before relaxing)
 .debug_str     0x00000000000acd76      0x169 ./Drivers/STM32G0xx_HAL_Driver/Src/stm32g0xx_hal_gpio.o
                                      0xa6edb (size before relaxing)
 .debug_str     0x00000000000acedf      0x3d4 ./Drivers/STM32G0xx_HAL_Driver/Src/stm32g0xx_hal_pwr_ex.o
                                      0xa72fa (size before relaxing)
 .debug_str     0x00000000000ad2b3      0x4c1 ./Drivers/STM32G0xx_HAL_Driver/Src/stm32g0xx_hal_rcc.o
                                      0xa7544 (size before relaxing)
 .debug_str     0x00000000000ad774      0x581 ./Drivers/STM32G0xx_HAL_Driver/Src/stm32g0xx_hal_spi.o
                                      0xa7785 (size before relaxing)

.debug_frame    0x0000000000000000     0x2678
 .debug_frame   0x0000000000000000      0xdb8 ./Core/Src/iis2dh_reg.o
 .debug_frame   0x0000000000000db8      0x15c ./Core/Src/main.o
 .debug_frame   0x0000000000000f14       0x70 ./Core/Src/stm32g0xx_hal_msp.o
 .debug_frame   0x0000000000000f84       0x9c ./Core/Src/stm32g0xx_it.o
 .debug_frame   0x0000000000001020       0x4c ./Core/Src/system_stm32g0xx.o
 .debug_frame   0x000000000000106c      0x41c ./Drivers/STM32G0xx_HAL_Driver/Src/stm32g0xx_hal.o
 .debug_frame   0x0000000000001488      0x33c ./Drivers/STM32G0xx_HAL_Driver/Src/stm32g0xx_hal_cortex.o
 .debug_frame   0x00000000000017c4      0x130 ./Drivers/STM32G0xx_HAL_Driver/Src/stm32g0xx_hal_gpio.o
 .debug_frame   0x00000000000018f4      0x3f4 ./Drivers/STM32G0xx_HAL_Driver/Src/stm32g0xx_hal_pwr_ex.o
 .debug_frame   0x0000000000001ce8      0x214 ./Drivers/STM32G0xx_HAL_Driver/Src/stm32g0xx_hal_rcc.o
 .debug_frame   0x0000000000001efc      0x710 ./Drivers/STM32G0xx_HAL_Driver/Src/stm32g0xx_hal_spi.o
 .debug_frame   0x000000000000260c       0x20 C:/ST/STM32CubeIDE_1.14.1/STM32CubeIDE/plugins/com.st.stm32cube.ide.mcu.externaltools.gnu-tools-for-stm32.11.3.rel1.win32_1.1.100.202309141235/tools/bin/../lib/gcc/arm-none-eabi/11.3.1/../../../../arm-none-eabi/lib/thumb/v6-m/nofp\libc_nano.a(libc_a-memset.o)
 .debug_frame   0x000000000000262c       0x2c C:/ST/STM32CubeIDE_1.14.1/STM32CubeIDE/plugins/com.st.stm32cube.ide.mcu.externaltools.gnu-tools-for-stm32.11.3.rel1.win32_1.1.100.202309141235/tools/bin/../lib/gcc/arm-none-eabi/11.3.1/../../../../arm-none-eabi/lib/thumb/v6-m/nofp\libc_nano.a(libc_a-init.o)
 .debug_frame   0x0000000000002658       0x20 C:/ST/STM32CubeIDE_1.14.1/STM32CubeIDE/plugins/com.st.stm32cube.ide.mcu.externaltools.gnu-tools-for-stm32.11.3.rel1.win32_1.1.100.202309141235/tools/bin/../lib/gcc/arm-none-eabi/11.3.1/thumb/v6-m/nofp\libgcc.a(_udivsi3.o)

.debug_line_str
                0x0000000000000000       0x66
 .debug_line_str
                0x0000000000000000       0x66 ./Core/Startup/startup_stm32g0b1cbtxn.o
                                         0x7f (size before relaxing)
