../Core/Src/main.c:83:5:main	8	static
../Core/Src/main.c:141:6:SystemClock_Config	96	static
../Core/Src/main.c:182:13:MX_SPI1_Init	8	static
../Core/Src/main.c:222:13:MX_USART2_UART_Init	8	static
../Core/Src/main.c:270:13:MX_USART3_UART_Init	8	static
../Core/Src/main.c:318:13:MX_GPIO_Init	48	static
../Core/Src/main.c:376:6:acc_init	16	static
../Core/Src/main.c:408:9:my_st_acc_platform_write	32	static
../Core/Src/main.c:419:9:my_st_acc_platform_read	32	static
../Core/Src/main.c:430:6:gnss_init	8	static
../Core/Src/main.c:434:6:gnss_sw_off	8	static
../Core/Src/main.c:441:6:send_debug_logs	24	static
../Core/Src/main.c:454:6:my_astronode_reset	8	static
../Core/Src/main.c:461:6:send_astronode_request	16	static
../Core/Src/main.c:467:10:get_systick	8	static
../Core/Src/main.c:471:6:is_systick_timeout_over	16	static
../Core/Src/main.c:475:6:is_astronode_character_received	16	static
../Core/Src/main.c:479:6:my_astro_evt_pin	8	static
../Core/Src/main.c:483:6:my_astro_init	40	static
../Core/Src/main.c:518:6:sys_init	8	static
../Core/Src/main.c:531:6:Error_Handler	8	static,ignoring_inline_asm
