../Core/Src/main.c:72:5:main	8	static
../Core/Src/main.c:119:6:SystemClock_Config	96	static
../Core/Src/main.c:160:13:MX_SPI1_Init	8	static
../Core/Src/main.c:200:13:MX_GPIO_Init	48	static
../Core/Src/main.c:242:6:astro_reset	8	static
../Core/Src/main.c:248:6:acc_init	8	static
../Core/Src/main.c:258:9:my_lis2dw12_platform_write	32	static
../Core/Src/main.c:269:9:my_lis2dw12_platform_read	32	static
../Core/Src/main.c:280:6:gnss_init	8	static
../Core/Src/main.c:284:6:sys_init	8	static
../Core/Src/main.c:295:6:Error_Handler	8	static,ignoring_inline_asm
