../Core/Src/main.c:83:5:main	8	static
../Core/Src/main.c:135:6:SystemClock_Config	96	static
../Core/Src/main.c:176:13:MX_SPI1_Init	8	static
../Core/Src/main.c:216:13:MX_USART2_UART_Init	8	static
../Core/Src/main.c:264:13:MX_USART3_UART_Init	8	static
../Core/Src/main.c:312:13:MX_GPIO_Init	48	static
../Core/Src/main.c:364:6:acc_init	8	static
../Core/Src/main.c:374:9:my_st_acc_platform_write	32	static
../Core/Src/main.c:385:9:my_st_acc_platform_read	32	static
../Core/Src/main.c:396:6:gnss_init	8	static
../Core/Src/main.c:400:6:gnss_sw_off	8	static
../Core/Src/main.c:407:6:send_debug_logs	24	static
../Core/Src/main.c:420:6:my_astronode_reset	8	static
../Core/Src/main.c:427:6:send_astronode_request	16	static
../Core/Src/main.c:433:10:get_systick	8	static
../Core/Src/main.c:437:6:is_systick_timeout_over	16	static
../Core/Src/main.c:441:6:is_astronode_character_received	16	static
../Core/Src/main.c:445:6:my_astro_evt_pin	8	static
../Core/Src/main.c:449:6:my_astro_init	40	static
../Core/Src/main.c:484:6:sys_init	8	static
../Core/Src/main.c:497:6:Error_Handler	8	static,ignoring_inline_asm
