../Core/Src/main.c:93:5:main	8	static
../Core/Src/main.c:160:6:SystemClock_Config	96	static
../Core/Src/main.c:207:13:MX_RTC_Init	32	static
../Core/Src/main.c:273:13:MX_SPI1_Init	8	static
../Core/Src/main.c:313:13:MX_TIM6_Init	24	static
../Core/Src/main.c:351:13:MX_USART2_UART_Init	8	static
../Core/Src/main.c:399:13:MX_USART3_UART_Init	8	static
../Core/Src/main.c:447:13:MX_USART5_UART_Init	8	static
../Core/Src/main.c:483:13:MX_GPIO_Init	56	static
../Core/Src/main.c:571:6:acc_init	16	static
../Core/Src/main.c:603:9:my_st_acc_platform_write	32	static
../Core/Src/main.c:614:9:my_st_acc_platform_read	32	static
../Core/Src/main.c:625:6:gnss_init	8	static
../Core/Src/main.c:629:6:gnss_sw_off	8	static
../Core/Src/main.c:636:6:send_debug_logs	24	static
../Core/Src/main.c:649:6:my_astronode_reset	8	static
../Core/Src/main.c:656:6:send_astronode_request	16	static
../Core/Src/main.c:662:10:get_systick	8	static
../Core/Src/main.c:666:6:is_systick_timeout_over	16	static
../Core/Src/main.c:670:6:is_astronode_character_received	16	static
../Core/Src/main.c:674:6:my_astro_evt_pin	8	static
../Core/Src/main.c:678:6:my_astro_init	40	static
../Core/Src/main.c:712:6:my_astro_deinit	8	static
../Core/Src/main.c:718:6:sys_init	8	static
../Core/Src/main.c:730:6:Error_Handler	8	static,ignoring_inline_asm
